// Jest Snapshot v1, https://goo.gl/fbAQLP

exports[`MessageForm should render correctly 1`] = `
<div
  className="messages"
/>
`;
